
> estate-iq@1.0.0 build
> vite build && esbuild server/_core/index.ts --platform=node --packages=external --bundle --format=esm --outdir=dist

[36mvite v7.3.1 [32mbuilding client environment for production...[36m[39m
node.exe : [33m[1m(!) 
%VITE_ANALYTICS_ENDPOINT% 
is not defined in env 
variables found in 
/index.html. Is the 
variable 
mistyped?[22m[39m
At line:1 char:1
+ & "C:\Program 
Files\nodejs/node.exe" 
"C:\Program 
Files\nodejs/node_mo ...
+ ~~~~~~~~~~~~~~~~~~~~~~~~
~~~~~~~~~~~~~~~~~~~~~~~~~~
~~~~~~~~~~~~~~~~~~~
    + CategoryInfo        
      : NotSpecified: (  
  [33m[1m(!) %V...yped   
 ?[22m[39m:String) [    
], RemoteException
    + FullyQualifiedError 
   Id : NativeCommandErr  
  or
 
[33m[1m(!) %VITE_ANALYTI
CS_WEBSITE_ID% is not 
defined in env variables 
found in /index.html. Is 
the variable 
mistyped?[22m[39m
<script src="%VITE_ANALYTI
CS_ENDPOINT%/umami"> in 
"/index.html" can't be 
bundled without 
type="module" attribute
transforming...
[32mΓ£ô[39m 2831 modules transformed.
rendering chunks...
computing gzip size...
[2m../dist/public/[22m[32mindex.html                 [39m[1m[2m  367.85 kB[22m[1m[22m[2m Γöé gzip: 105.62 kB[22m
[2m../dist/public/[22m[35massets/index-Cb3bDANB.css  [39m[1m[2m  172.08 kB[22m[1m[22m[2m Γöé gzip:  25.19 kB[22m
[2m../dist/public/[22m[36massets/index-B8pDT_vZ.js   [39m[1m[33m1,521.63 kB[39m[22m[2m Γöé gzip: 404.56 kB[22m
[33m
(!) Some chunks are 
larger than 500 kB after 
minification. Consider:
- Using dynamic import() 
to code-split the 
application
- Use build.rollupOptions.
output.manualChunks to 
improve chunking: https://
rollupjs.org/configuration
-options/#output-manualchu
nks
- Adjust chunk size limit 
for this warning via build
.chunkSizeWarningLimit.[3
9m
[32mΓ£ô built in 34.79s[39m

  dist\index.js  170.5kb

Done in 17ms
