
> estate-iq@1.0.0 build C:\Users\Hp\OneDrive\Documents\estate-iq-handoff
> vite build && esbuild server/_core/index.ts --platform=node --packages=external --bundle --format=esm --outdir=dist

[36mvite v7.3.1 [32mbuilding client environment for production...[36m[39m
cmd : [33m[1m(!) %VITE_ANALYTICS_ENDPOINT% is not defined in env variables found in /index.html. Is the variable 
mistyped?[22m[39m
At line:1 char:1
+ cmd /c pnpm run build > build_output.txt 2>&1
+ ~~~~~~~~~~~~~~~~~~~~~~~~~~~~~~~~~~~~~~~~~~~~~
    + CategoryInfo          : NotSpecified: ([33m[1m(!) %V...yped?[22m[39m:String) [], RemoteException
    + FullyQualifiedErrorId : NativeCommandError
 
[33m[1m(!) %VITE_ANALYTICS_WEBSITE_ID% is not defined in env variables found in /index.html. Is the variable 
mistyped?[22m[39m
<script src="%VITE_ANALYTICS_ENDPOINT%/umami"> in "/index.html" can't be bundled without type="module" attribute
transforming...
[32mΓ£ô[39m 2427 modules transformed.
rendering chunks...
computing gzip size...
[2m../dist/public/[22m[32mindex.html                 [39m[1m[2m  367.85 kB[22m[1m[22m[2m Γöé gzip: 105.62 kB[22m
[2m../dist/public/[22m[35massets/index-D3wYXnhA.css  [39m[1m[2m  134.61 kB[22m[1m[22m[2m Γöé gzip:  20.88 kB[22m
[2m../dist/public/[22m[36massets/index-42Q62CYB.js   [39m[1m[33m1,342.12 kB[39m[22m[2m Γöé gzip: 356.61 kB[22m
[33m
(!) Some chunks are larger than 500 kB after minification. Consider:
- Using dynamic import() to code-split the application
- Use build.rollupOptions.output.manualChunks to improve chunking: 
https://rollupjs.org/configuration-options/#output-manualchunks
- Adjust chunk size limit for this warning via build.chunkSizeWarningLimit.[39m
[32mΓ£ô built in 21.41s[39m

  dist\index.js  88.6kb

Done in 13ms
