
> estate-iq@1.0.0 check C:\Users\Hp\OneDrive\Documents\estate-iq-handoff
> tsc --noEmit

client/src/pages/BrandKitPage.tsx(46,32): error TS2448: Block-scoped variable 'DEFAULT_COLORS' used before its declaration.
client/src/pages/BrandKitPage.tsx(46,32): error TS2454: Variable 'DEFAULT_COLORS' is used before being assigned.
client/src/pages/ContactDetail.tsx(67,17): error TS7006: Parameter 'data' implicitly has an 'any' type.
client/src/pages/DealPipeline.tsx(186,17): error TS2322: Type 'string' is not assignable to type '"lead" | "contacted" | "viewing" | "offer" | "closed" | undefined'.
client/src/pages/DealPipeline.tsx(549,90): error TS2322: Type 'string' is not assignable to type '"lead" | "contacted" | "viewing" | "offer" | "closed" | undefined'.
client/src/pages/DesignStudio.tsx(420,28): error TS2802: Type 'Set<string>' can only be iterated through when using the '--downlevelIteration' flag or with a '--target' of 'es2015' or higher.
client/src/pages/LeadCapture.tsx(626,90): error TS2322: Type 'string' is not assignable to type '"converted" | "lost" | "contacted" | "new" | "qualified" | undefined'.
client/src/pages/SocialMedia.tsx(111,57): error TS2322: Type '{ content: any; platforms: string[]; status: PostStatus; scheduledTime: Date | undefined; }' is not assignable to type '{ designId?: number | null | undefined; platforms?: ("facebook" | "instagram" | "tiktok" | "telegram")[] | undefined; scheduledTime?: Date | null | undefined; content?: string | undefined; status?: "draft" | ... 5 more ... | undefined; platformStatuses?: Record<...> | undefined; providerMetadata?: Record<...> | unde...'.
  Types of property 'platforms' are incompatible.
    Type 'string[]' is not assignable to type '("facebook" | "instagram" | "tiktok" | "telegram")[]'.
      Type 'string' is not assignable to type '"facebook" | "instagram" | "tiktok" | "telegram"'.
client/src/pages/SocialMedia.tsx(112,32): error TS2345: Argument of type '{ content: any; platforms: string[]; status: PostStatus; scheduledTime: Date | undefined; }' is not assignable to parameter of type '{ designId?: number | undefined; platforms?: ("facebook" | "instagram" | "tiktok" | "telegram")[] | undefined; scheduledTime?: Date | undefined; content?: string | undefined; status?: "draft" | ... 5 more ... | undefined; platformStatuses?: Record<...> | undefined; providerMetadata?: Record<...> | undefined; }'.
  Types of property 'platforms' are incompatible.
    Type 'string[]' is not assignable to type '("facebook" | "instagram" | "tiktok" | "telegram")[]'.
      Type 'string' is not assignable to type '"facebook" | "instagram" | "tiktok" | "telegram"'.
server/routers.ts(742,9): error TS2322: Type 'number | null' is not assignable to type 'string | null | undefined'.
  Type 'number' is not assignable to type 'string'.
server/routers.ts(766,83): error TS2345: Argument of type '{ sourceName?: string | undefined; supplierContact?: string | null | undefined; title?: string | undefined; address?: string | undefined; city?: string | undefined; subcity?: string | null | undefined; ... 5 more ...; importedPropertyId?: number | ... 1 more ... | undefined; }' is not assignable to parameter of type 'Partial<{ workspaceId: number; userId: number; title: string; address: string; city: string; sourceName: string; fingerprint: string; id?: number | undefined; createdAt?: Date | undefined; updatedAt?: Date | undefined; ... 7 more ...; importedPropertyId?: number | ... 1 more ... | undefined; }>'.
  Types of property 'price' are incompatible.
    Type 'number | null | undefined' is not assignable to type 'string | null | undefined'.
      Type 'number' is not assignable to type 'string'.
server/routers.ts(818,11): error TS2322: Type 'number | null' is not assignable to type 'string | null | undefined'.
  Type 'number' is not assignable to type 'string'.
server/routers.ts(819,11): error TS2322: Type 'number | null' is not assignable to type 'string | null | undefined'.
  Type 'number' is not assignable to type 'string'.
server/routers.ts(829,82): error TS2345: Argument of type '{ contactId?: number | null | undefined; name?: string | undefined; city?: string | null | undefined; subcity?: string | null | undefined; budgetMin?: number | null | undefined; budgetMax?: number | ... 1 more ... | undefined; bedrooms?: number | ... 1 more ... | undefined; bathrooms?: number | ... 1 more ... | unde...' is not assignable to parameter of type 'Partial<{ name: string; workspaceId: number; userId: number; id?: number | undefined; createdAt?: Date | undefined; updatedAt?: Date | undefined; notes?: string | null | undefined; ... 6 more ...; budgetMax?: string | ... 1 more ... | undefined; }>'.
  Types of property 'budgetMin' are incompatible.
    Type 'number | null | undefined' is not assignable to type 'string | null | undefined'.
      Type 'number' is not assignable to type 'string'.
server/routers.ts(919,37): error TS2345: Argument of type '{ contactId: number; propertyId?: number | undefined; leadId?: number | undefined; stage?: "lead" | "contacted" | "viewing" | "offer" | "closed" | undefined; value?: number | undefined; commission?: number | undefined; notes?: string | undefined; userId: number; workspaceId: number; }' is not assignable to parameter of type '{ workspaceId: number; userId: number; contactId: number; id?: number | undefined; createdAt?: Date | undefined; updatedAt?: Date | undefined; notes?: string | null | undefined; ... 6 more ...; closedAt?: Date | ... 1 more ... | undefined; }'.
  Types of property 'value' are incompatible.
    Type 'number | undefined' is not assignable to type 'string | null | undefined'.
      Type 'number' is not assignable to type 'string'.
server/routers.ts(932,61): error TS2345: Argument of type '{ closedAt?: Date | null | undefined; contactId?: number | undefined; propertyId?: number | null | undefined; leadId?: number | null | undefined; stage?: "lead" | "contacted" | "viewing" | "offer" | "closed" | undefined; value?: number | ... 1 more ... | undefined; commission?: number | ... 1 more ... | undefined; n...' is not assignable to parameter of type 'Partial<{ workspaceId: number; userId: number; contactId: number; id?: number | undefined; createdAt?: Date | undefined; updatedAt?: Date | undefined; notes?: string | null | undefined; ... 6 more ...; closedAt?: Date | ... 1 more ... | undefined; }>'.
  Types of property 'value' are incompatible.
    Type 'number | null | undefined' is not assignable to type 'string | null | undefined'.
      Type 'number' is not assignable to type 'string'.
server/routers.ts(971,41): error TS2345: Argument of type '{ title: string; address: string; city: string; description?: string | undefined; subcity?: string | undefined; latitude?: string | number | undefined; longitude?: string | number | undefined; ... 7 more ...; workspaceId: number; }' is not assignable to parameter of type '{ workspaceId: number; userId: number; title: string; address: string; city: string; description?: string | null | undefined; id?: number | undefined; createdAt?: Date | undefined; updatedAt?: Date | undefined; ... 8 more ...; photos?: unknown; }'.
  Types of property 'latitude' are incompatible.
    Type 'string | number | undefined' is not assignable to type 'string | null | undefined'.
      Type 'number' is not assignable to type 'string'.
server/routers.ts(977,78): error TS2345: Argument of type '{ title?: string | undefined; description?: string | null | undefined; address?: string | undefined; city?: string | undefined; subcity?: string | null | undefined; latitude?: string | number | null | undefined; ... 6 more ...; status?: "available" | ... 3 more ... | undefined; }' is not assignable to parameter of type 'Partial<{ workspaceId: number; userId: number; title: string; address: string; city: string; description?: string | null | undefined; id?: number | undefined; createdAt?: Date | undefined; ... 9 more ...; photos?: unknown; }>'.
  Types of property 'latitude' are incompatible.
    Type 'string | number | null | undefined' is not assignable to type 'string | null | undefined'.
      Type 'number' is not assignable to type 'string'.
ΓÇëELIFECYCLEΓÇë Command failed with exit code 1.
